 From: 1 To: 1  ---  Stian1
From: 2 To: 3  ---  Stian2
From: 4 To: 6  ---  Stian3
From: 7 To: 10  ---  Stian4
From: 11 To: 15  ---  Stian5
From: 16 To: 21  ---  Stian6
From: 22 To: 28  ---  Stian7
From: 29 To: 36  ---  Stian8
From: 37 To: 45  ---  Stian9
From: 46 To: 55  ---  Stian10
From: 56 To: 110  ---  Nothing
